{
  "actual_orders": [
    "first",
    "second"
  ],
  "base_seed": 202608161700,
  "candidate": "/Users/safiullahbaig/Projects/pokemonTCG2.0/artifacts/final_sprint/exp21_punk_first_playid_second",
  "candidate_sha256": "35288449caccbbff26842cbe6c5198a1826fe75fd57945e6ac793b9c27c57a3e",
  "control": "/Users/safiullahbaig/Projects/pokemonTCG2.0/artifacts/grim_damage_conversion/winner/extracted",
  "control_sha256": "13426288358d597ead809e45c364c7f7b9274a6eebf55ddd942142e3326535c3",
  "elapsed_seconds": 253.91136527061462,
  "engine": "/Users/safiullahbaig/Projects/pokemonTCG2.0/artifacts/deterministic_engine/bin/libcg_seeded.dylib",
  "engine_sha256": "867e3f9bb87e0b48889a44b5d4b04f5d2d434b2a0788d1b2bcfe0caebcb5ab78",
  "games": 1600,
  "opponent": "/Users/safiullahbaig/Projects/pokemonTCG2.0/artifacts/grim_variance_floor/candidates/B0",
  "opponent_sha256": "0c15b56adf3b09c654505a152309fdc9f8401579a495da714347d98ae735003c",
  "orders": {
    "first": {
      "candidate_decisions": 78842,
      "candidate_draws": 0,
      "candidate_policy_errors": 0,
      "candidate_win_rate": 0.5575,
      "candidate_wins": 223,
      "concordant": 316,
      "control_decisions": 78389,
      "control_draws": 0,
      "control_policy_errors": 0,
      "control_win_rate": 0.5625,
      "control_wins": 225,
      "discordant_candidate_wins": 41,
      "discordant_control_wins": 43,
      "method": "paired_win_indicator_difference_normal_95_ci",
      "opponent_policy_errors": 0,
      "paired_95_ci": [
        -0.049961981039937556,
        0.03996198103993756
      ],
      "paired_difference": -0.005,
      "paired_one_sided_95_lower": -0.042733283964307076,
      "paired_standard_error": 0.02294020777656729,
      "pairs": 400
    },
    "second": {
      "candidate_decisions": 79129,
      "candidate_draws": 1,
      "candidate_policy_errors": 0,
      "candidate_win_rate": 0.495,
      "candidate_wins": 198,
      "concordant": 236,
      "control_decisions": 78638,
      "control_draws": 1,
      "control_policy_errors": 0,
      "control_win_rate": 0.495,
      "control_wins": 198,
      "discordant_candidate_wins": 82,
      "discordant_control_wins": 82,
      "method": "paired_win_indicator_difference_normal_95_ci",
      "opponent_policy_errors": 0,
      "paired_95_ci": [
        -0.06282804867622926,
        0.06282804867622926
      ],
      "paired_difference": 0.0,
      "paired_one_sided_95_lower": -0.052726960574038764,
      "paired_standard_error": 0.03205571590692936,
      "pairs": 400
    }
  },
  "overall": {
    "candidate_decisions": 157971,
    "candidate_draws": 1,
    "candidate_policy_errors": 0,
    "candidate_win_rate": 0.52625,
    "candidate_wins": 421,
    "concordant": 552,
    "control_decisions": 157027,
    "control_draws": 1,
    "control_policy_errors": 0,
    "control_win_rate": 0.52875,
    "control_wins": 423,
    "discordant_candidate_wins": 123,
    "discordant_control_wins": 125,
    "method": "paired_win_indicator_difference_normal_95_ci",
    "opponent_policy_errors": 0,
    "paired_95_ci": [
      -0.04110567677779121,
      0.0361056767777912
    ],
    "paired_difference": -0.0025,
    "paired_one_sided_95_lower": -0.034898905270582224,
    "paired_standard_error": 0.019697135805712685,
    "pairs": 800
  },
  "pairs_per_order": 400,
  "production_engine": "/Users/safiullahbaig/Projects/pokemonTCG2.0/vendor/cg/libcg.dylib",
  "production_engine_preserved": true,
  "production_engine_sha256_after": "7a157f045d333f99d1996d49c12bdbdd148072a619af246385c7295518776e30",
  "production_engine_sha256_before": "7a157f045d333f99d1996d49c12bdbdd148072a619af246385c7295518776e30",
  "rng_provenance": {
    "deviceRand": false,
    "engine": "local_seeded_mt19937",
    "entrypoint": "BattleStartSeeded",
    "native_gameplay_random_device": false,
    "same_actual_order_and_physical_seat_within_pair": true,
    "same_seed_within_candidate_control_pair": true
  },
  "workers": 8
}
