{
  "actual_orders": [
    "first",
    "second"
  ],
  "base_seed": 202608170700,
  "candidate": "/Users/safiullahbaig/Projects/pokemonTCG2.0/artifacts/final_sprint/exp23_identity_trained",
  "candidate_sha256": "83489e0c80c631763c65375d2a7a34d28d6aa9fbb1d11e89d130c83b1e27f1c0",
  "control": "/Users/safiullahbaig/Projects/pokemonTCG2.0/artifacts/grim_damage_conversion/winner/extracted",
  "control_sha256": "13426288358d597ead809e45c364c7f7b9274a6eebf55ddd942142e3326535c3",
  "elapsed_seconds": 2400.2944900989532,
  "engine": "/Users/safiullahbaig/Projects/pokemonTCG2.0/artifacts/deterministic_engine/bin/libcg_seeded.dylib",
  "engine_sha256": "867e3f9bb87e0b48889a44b5d4b04f5d2d434b2a0788d1b2bcfe0caebcb5ab78",
  "games": 800,
  "opponent": "/Users/safiullahbaig/Projects/pokemonTCG2.0/artifacts/sprint_870/opponents/starmie_v2_boss_atk",
  "opponent_sha256": "1b73779da7dcc93c8f121090bb0f1ae2d9b10b798ca4c70447b0ce1d6d01c0db",
  "orders": {
    "first": {
      "candidate_decisions": 25031,
      "candidate_draws": 0,
      "candidate_policy_errors": 0,
      "candidate_win_rate": 0.645,
      "candidate_wins": 129,
      "concordant": 144,
      "control_decisions": 24139,
      "control_draws": 0,
      "control_policy_errors": 0,
      "control_win_rate": 0.685,
      "control_wins": 137,
      "discordant_candidate_wins": 24,
      "discordant_control_wins": 32,
      "method": "paired_win_indicator_difference_normal_95_ci",
      "opponent_policy_errors": 0,
      "paired_95_ci": [
        -0.11330880974574561,
        0.03330880974574562
      ],
      "paired_difference": -0.04,
      "paired_one_sided_95_lower": -0.10152269253359889,
      "paired_standard_error": 0.037403141243408634,
      "pairs": 200
    },
    "second": {
      "candidate_decisions": 24889,
      "candidate_draws": 0,
      "candidate_policy_errors": 0,
      "candidate_win_rate": 0.69,
      "candidate_wins": 138,
      "concordant": 130,
      "control_decisions": 25908,
      "control_draws": 0,
      "control_policy_errors": 0,
      "control_win_rate": 0.61,
      "control_wins": 122,
      "discordant_candidate_wins": 43,
      "discordant_control_wins": 27,
      "method": "paired_win_indicator_difference_normal_95_ci",
      "opponent_policy_errors": 0,
      "paired_95_ci": [
        -0.0014419437696411713,
        0.16144194376964116
      ],
      "paired_difference": 0.08,
      "paired_one_sided_95_lower": 0.011651766230332733,
      "paired_standard_error": 0.041552775669371905,
      "pairs": 200
    }
  },
  "overall": {
    "candidate_decisions": 49920,
    "candidate_draws": 0,
    "candidate_policy_errors": 0,
    "candidate_win_rate": 0.6675,
    "candidate_wins": 267,
    "concordant": 274,
    "control_decisions": 50047,
    "control_draws": 0,
    "control_policy_errors": 0,
    "control_win_rate": 0.6475,
    "control_wins": 259,
    "discordant_candidate_wins": 67,
    "discordant_control_wins": 59,
    "method": "paired_win_indicator_difference_normal_95_ci",
    "opponent_policy_errors": 0,
    "paired_95_ci": [
      -0.035035257439021514,
      0.07503525743902152
    ],
    "paired_difference": 0.02,
    "paired_one_sided_95_lower": -0.026187044008375533,
    "paired_standard_error": 0.028079728950701446,
    "pairs": 400
  },
  "pairs_per_order": 200,
  "production_engine": "/Users/safiullahbaig/Projects/pokemonTCG2.0/vendor/cg/libcg.dylib",
  "production_engine_preserved": true,
  "production_engine_sha256_after": "7a157f045d333f99d1996d49c12bdbdd148072a619af246385c7295518776e30",
  "production_engine_sha256_before": "7a157f045d333f99d1996d49c12bdbdd148072a619af246385c7295518776e30",
  "rng_provenance": {
    "deviceRand": false,
    "engine": "local_seeded_mt19937",
    "entrypoint": "BattleStartSeeded",
    "native_gameplay_random_device": false,
    "same_actual_order_and_physical_seat_within_pair": true,
    "same_seed_within_candidate_control_pair": true
  },
  "workers": 4
}
