{
  "actual_orders": [
    "first"
  ],
  "base_seed": 202608162300,
  "candidate": "/Users/safiullahbaig/Projects/pokemonTCG2.0/artifacts/final_sprint/exp20_punk_first_only",
  "candidate_sha256": "f829b856ca032315c563bc2cfcd547b4874d35961831d3d2d9e85b380bf7e7f3",
  "control": "/Users/safiullahbaig/Projects/pokemonTCG2.0/artifacts/grim_damage_conversion/winner/extracted",
  "control_sha256": "13426288358d597ead809e45c364c7f7b9274a6eebf55ddd942142e3326535c3",
  "elapsed_seconds": 134.54879784584045,
  "engine": "/Users/safiullahbaig/Projects/pokemonTCG2.0/artifacts/deterministic_engine/bin/libcg_seeded.dylib",
  "engine_sha256": "867e3f9bb87e0b48889a44b5d4b04f5d2d434b2a0788d1b2bcfe0caebcb5ab78",
  "games": 800,
  "opponent": "/Users/safiullahbaig/Projects/pokemonTCG2.0/artifacts/grim_damage_conversion/candidates/a2_control",
  "opponent_sha256": "d98ea31d2af792e7e93d2d343e115e8d5051e5207d76d14a7fa010f459e7d904",
  "orders": {
    "first": {
      "candidate_decisions": 76576,
      "candidate_draws": 0,
      "candidate_policy_errors": 0,
      "candidate_win_rate": 0.545,
      "candidate_wins": 218,
      "concordant": 309,
      "control_decisions": 76537,
      "control_draws": 0,
      "control_policy_errors": 0,
      "control_win_rate": 0.5475,
      "control_wins": 219,
      "discordant_candidate_wins": 45,
      "discordant_control_wins": 46,
      "method": "paired_win_indicator_difference_normal_95_ci",
      "opponent_policy_errors": 0,
      "paired_95_ci": [
        -0.049300056567406866,
        0.04430005656740686
      ],
      "paired_difference": -0.0025,
      "paired_one_sided_95_lower": -0.041775845573508344,
      "paired_standard_error": 0.023878018645526012,
      "pairs": 400
    }
  },
  "overall": {
    "candidate_decisions": 76576,
    "candidate_draws": 0,
    "candidate_policy_errors": 0,
    "candidate_win_rate": 0.545,
    "candidate_wins": 218,
    "concordant": 309,
    "control_decisions": 76537,
    "control_draws": 0,
    "control_policy_errors": 0,
    "control_win_rate": 0.5475,
    "control_wins": 219,
    "discordant_candidate_wins": 45,
    "discordant_control_wins": 46,
    "method": "paired_win_indicator_difference_normal_95_ci",
    "opponent_policy_errors": 0,
    "paired_95_ci": [
      -0.049300056567406866,
      0.04430005656740686
    ],
    "paired_difference": -0.0025,
    "paired_one_sided_95_lower": -0.041775845573508344,
    "paired_standard_error": 0.023878018645526012,
    "pairs": 400
  },
  "pairs_per_order": 400,
  "production_engine": "/Users/safiullahbaig/Projects/pokemonTCG2.0/vendor/cg/libcg.dylib",
  "production_engine_preserved": true,
  "production_engine_sha256_after": "7a157f045d333f99d1996d49c12bdbdd148072a619af246385c7295518776e30",
  "production_engine_sha256_before": "7a157f045d333f99d1996d49c12bdbdd148072a619af246385c7295518776e30",
  "rng_provenance": {
    "deviceRand": false,
    "engine": "local_seeded_mt19937",
    "entrypoint": "BattleStartSeeded",
    "native_gameplay_random_device": false,
    "same_actual_order_and_physical_seat_within_pair": true,
    "same_seed_within_candidate_control_pair": true
  },
  "workers": 8
}
