{
  "actual_orders": [
    "first",
    "second"
  ],
  "base_seed": 202608170300,
  "candidate": "/Users/safiullahbaig/Projects/pokemonTCG2.0/artifacts/final_sprint/exp23_identity_trained",
  "candidate_sha256": "83489e0c80c631763c65375d2a7a34d28d6aa9fbb1d11e89d130c83b1e27f1c0",
  "control": "/Users/safiullahbaig/Projects/pokemonTCG2.0/artifacts/grim_damage_conversion/winner/extracted",
  "control_sha256": "13426288358d597ead809e45c364c7f7b9274a6eebf55ddd942142e3326535c3",
  "elapsed_seconds": 213.37607216835022,
  "engine": "/Users/safiullahbaig/Projects/pokemonTCG2.0/artifacts/deterministic_engine/bin/libcg_seeded.dylib",
  "engine_sha256": "867e3f9bb87e0b48889a44b5d4b04f5d2d434b2a0788d1b2bcfe0caebcb5ab78",
  "games": 1600,
  "opponent": "/Users/safiullahbaig/Projects/pokemonTCG2.0/artifacts/grim_damage_conversion/opponents/master_v1",
  "opponent_sha256": "8a06ebab47cc60ed981dfada85972eb8a62e732e349f01c2a3085262079f06e8",
  "orders": {
    "first": {
      "candidate_decisions": 77205,
      "candidate_draws": 0,
      "candidate_policy_errors": 0,
      "candidate_win_rate": 0.5725,
      "candidate_wins": 229,
      "concordant": 251,
      "control_decisions": 75824,
      "control_draws": 1,
      "control_policy_errors": 0,
      "control_win_rate": 0.53,
      "control_wins": 212,
      "discordant_candidate_wins": 83,
      "discordant_control_wins": 66,
      "method": "paired_win_indicator_difference_normal_95_ci",
      "opponent_policy_errors": 0,
      "paired_95_ci": [
        -0.017240558040343287,
        0.1022405580403433
      ],
      "paired_difference": 0.0425,
      "paired_one_sided_95_lower": -0.007635856752400159,
      "paired_standard_error": 0.03048043663637148,
      "pairs": 400
    },
    "second": {
      "candidate_decisions": 75548,
      "candidate_draws": 0,
      "candidate_policy_errors": 0,
      "candidate_win_rate": 0.58,
      "candidate_wins": 232,
      "concordant": 248,
      "control_decisions": 76478,
      "control_draws": 0,
      "control_policy_errors": 0,
      "control_win_rate": 0.495,
      "control_wins": 198,
      "discordant_candidate_wins": 93,
      "discordant_control_wins": 59,
      "method": "paired_win_indicator_difference_normal_95_ci",
      "opponent_policy_errors": 0,
      "paired_95_ci": [
        0.025091970825191844,
        0.14490802917480816
      ],
      "paired_difference": 0.085,
      "paired_one_sided_95_lower": 0.034723597041084284,
      "paired_standard_error": 0.030565882662821897,
      "pairs": 400
    }
  },
  "overall": {
    "candidate_decisions": 152753,
    "candidate_draws": 0,
    "candidate_policy_errors": 0,
    "candidate_win_rate": 0.57625,
    "candidate_wins": 461,
    "concordant": 499,
    "control_decisions": 152302,
    "control_draws": 1,
    "control_policy_errors": 0,
    "control_win_rate": 0.5125,
    "control_wins": 410,
    "discordant_candidate_wins": 176,
    "discordant_control_wins": 125,
    "method": "paired_win_indicator_difference_normal_95_ci",
    "opponent_policy_errors": 0,
    "paired_95_ci": [
      0.021448605807575676,
      0.10605139419242432
    ],
    "paired_difference": 0.06375,
    "paired_one_sided_95_lower": 0.02824955090432879,
    "paired_standard_error": 0.021582740563649297,
    "pairs": 800
  },
  "pairs_per_order": 400,
  "production_engine": "/Users/safiullahbaig/Projects/pokemonTCG2.0/vendor/cg/libcg.dylib",
  "production_engine_preserved": true,
  "production_engine_sha256_after": "7a157f045d333f99d1996d49c12bdbdd148072a619af246385c7295518776e30",
  "production_engine_sha256_before": "7a157f045d333f99d1996d49c12bdbdd148072a619af246385c7295518776e30",
  "rng_provenance": {
    "deviceRand": false,
    "engine": "local_seeded_mt19937",
    "entrypoint": "BattleStartSeeded",
    "native_gameplay_random_device": false,
    "same_actual_order_and_physical_seat_within_pair": true,
    "same_seed_within_candidate_control_pair": true
  },
  "workers": 8
}
