{
  "actual_orders": [
    "first"
  ],
  "base_seed": 202608162100,
  "candidate": "/Users/safiullahbaig/Projects/pokemonTCG2.0/artifacts/final_sprint/exp22_punk_ct_first_only",
  "candidate_sha256": "2a392132091f856cd3b972be95824e234c293adc904ec2ddad5ee81792b5eba0",
  "control": "/Users/safiullahbaig/Projects/pokemonTCG2.0/artifacts/grim_damage_conversion/winner/extracted",
  "control_sha256": "13426288358d597ead809e45c364c7f7b9274a6eebf55ddd942142e3326535c3",
  "elapsed_seconds": 188.4647879600525,
  "engine": "/Users/safiullahbaig/Projects/pokemonTCG2.0/artifacts/deterministic_engine/bin/libcg_seeded.dylib",
  "engine_sha256": "867e3f9bb87e0b48889a44b5d4b04f5d2d434b2a0788d1b2bcfe0caebcb5ab78",
  "games": 1200,
  "opponent": "/Users/safiullahbaig/Projects/pokemonTCG2.0/artifacts/grim_variance_floor/candidates/B0",
  "opponent_sha256": "0c15b56adf3b09c654505a152309fdc9f8401579a495da714347d98ae735003c",
  "orders": {
    "first": {
      "candidate_decisions": 116116,
      "candidate_draws": 0,
      "candidate_policy_errors": 0,
      "candidate_win_rate": 0.5683333333333334,
      "candidate_wins": 341,
      "concordant": 462,
      "control_decisions": 116466,
      "control_draws": 1,
      "control_policy_errors": 0,
      "control_win_rate": 0.5483333333333333,
      "control_wins": 329,
      "discordant_candidate_wins": 75,
      "discordant_control_wins": 63,
      "method": "paired_win_indicator_difference_normal_95_ci",
      "opponent_policy_errors": 0,
      "paired_95_ci": [
        -0.018372546556981794,
        0.05837254655698179
      ],
      "paired_difference": 0.02,
      "paired_one_sided_95_lower": -0.012203256221785874,
      "paired_standard_error": 0.01957818962983991,
      "pairs": 600
    }
  },
  "overall": {
    "candidate_decisions": 116116,
    "candidate_draws": 0,
    "candidate_policy_errors": 0,
    "candidate_win_rate": 0.5683333333333334,
    "candidate_wins": 341,
    "concordant": 462,
    "control_decisions": 116466,
    "control_draws": 1,
    "control_policy_errors": 0,
    "control_win_rate": 0.5483333333333333,
    "control_wins": 329,
    "discordant_candidate_wins": 75,
    "discordant_control_wins": 63,
    "method": "paired_win_indicator_difference_normal_95_ci",
    "opponent_policy_errors": 0,
    "paired_95_ci": [
      -0.018372546556981794,
      0.05837254655698179
    ],
    "paired_difference": 0.02,
    "paired_one_sided_95_lower": -0.012203256221785874,
    "paired_standard_error": 0.01957818962983991,
    "pairs": 600
  },
  "pairs_per_order": 600,
  "production_engine": "/Users/safiullahbaig/Projects/pokemonTCG2.0/vendor/cg/libcg.dylib",
  "production_engine_preserved": true,
  "production_engine_sha256_after": "7a157f045d333f99d1996d49c12bdbdd148072a619af246385c7295518776e30",
  "production_engine_sha256_before": "7a157f045d333f99d1996d49c12bdbdd148072a619af246385c7295518776e30",
  "rng_provenance": {
    "deviceRand": false,
    "engine": "local_seeded_mt19937",
    "entrypoint": "BattleStartSeeded",
    "native_gameplay_random_device": false,
    "same_actual_order_and_physical_seat_within_pair": true,
    "same_seed_within_candidate_control_pair": true
  },
  "workers": 8
}
