{
  "actual_orders": [
    "first",
    "second"
  ],
  "base_seed": 202608170200,
  "candidate": "/Users/safiullahbaig/Projects/pokemonTCG2.0/artifacts/final_sprint/exp23_identity_trained",
  "candidate_sha256": "83489e0c80c631763c65375d2a7a34d28d6aa9fbb1d11e89d130c83b1e27f1c0",
  "control": "/Users/safiullahbaig/Projects/pokemonTCG2.0/artifacts/grim_damage_conversion/winner/extracted",
  "control_sha256": "13426288358d597ead809e45c364c7f7b9274a6eebf55ddd942142e3326535c3",
  "elapsed_seconds": 484.85718607902527,
  "engine": "/Users/safiullahbaig/Projects/pokemonTCG2.0/artifacts/deterministic_engine/bin/libcg_seeded.dylib",
  "engine_sha256": "867e3f9bb87e0b48889a44b5d4b04f5d2d434b2a0788d1b2bcfe0caebcb5ab78",
  "games": 2400,
  "opponent": "/Users/safiullahbaig/Projects/pokemonTCG2.0/artifacts/grim_variance_floor/candidates/B0",
  "opponent_sha256": "0c15b56adf3b09c654505a152309fdc9f8401579a495da714347d98ae735003c",
  "orders": {
    "first": {
      "candidate_decisions": 118551,
      "candidate_draws": 1,
      "candidate_policy_errors": 0,
      "candidate_win_rate": 0.5916666666666667,
      "candidate_wins": 355,
      "concordant": 376,
      "control_decisions": 117218,
      "control_draws": 2,
      "control_policy_errors": 0,
      "control_win_rate": 0.5616666666666666,
      "control_wins": 337,
      "discordant_candidate_wins": 121,
      "discordant_control_wins": 103,
      "method": "paired_win_indicator_difference_normal_95_ci",
      "opponent_policy_errors": 0,
      "paired_95_ci": [
        -0.018871869432146166,
        0.07887186943214616
      ],
      "paired_difference": 0.03,
      "paired_one_sided_95_lower": -0.01101456573970102,
      "paired_standard_error": 0.02493508544934562,
      "pairs": 600
    },
    "second": {
      "candidate_decisions": 118512,
      "candidate_draws": 0,
      "candidate_policy_errors": 0,
      "candidate_win_rate": 0.5716666666666667,
      "candidate_wins": 343,
      "concordant": 382,
      "control_decisions": 117950,
      "control_draws": 4,
      "control_policy_errors": 0,
      "control_win_rate": 0.5183333333333333,
      "control_wins": 311,
      "discordant_candidate_wins": 125,
      "discordant_control_wins": 93,
      "method": "paired_win_indicator_difference_normal_95_ci",
      "opponent_policy_errors": 0,
      "paired_95_ci": [
        0.005251543979984931,
        0.10141512268668174
      ],
      "paired_difference": 0.05333333333333334,
      "paired_one_sided_95_lower": 0.01298182369744004,
      "paired_standard_error": 0.024531975961094913,
      "pairs": 600
    }
  },
  "overall": {
    "candidate_decisions": 237063,
    "candidate_draws": 1,
    "candidate_policy_errors": 0,
    "candidate_win_rate": 0.5816666666666667,
    "candidate_wins": 698,
    "concordant": 758,
    "control_decisions": 235168,
    "control_draws": 6,
    "control_policy_errors": 0,
    "control_win_rate": 0.54,
    "control_wins": 648,
    "discordant_candidate_wins": 246,
    "discordant_control_wins": 196,
    "method": "paired_win_indicator_difference_normal_95_ci",
    "opponent_policy_errors": 0,
    "paired_95_ci": [
      0.0073951689303967255,
      0.0759381644029366
    ],
    "paired_difference": 0.041666666666666664,
    "paired_one_sided_95_lower": 0.012905119109050938,
    "paired_standard_error": 0.017485779334007738,
    "pairs": 1200
  },
  "pairs_per_order": 600,
  "production_engine": "/Users/safiullahbaig/Projects/pokemonTCG2.0/vendor/cg/libcg.dylib",
  "production_engine_preserved": true,
  "production_engine_sha256_after": "7a157f045d333f99d1996d49c12bdbdd148072a619af246385c7295518776e30",
  "production_engine_sha256_before": "7a157f045d333f99d1996d49c12bdbdd148072a619af246385c7295518776e30",
  "rng_provenance": {
    "deviceRand": false,
    "engine": "local_seeded_mt19937",
    "entrypoint": "BattleStartSeeded",
    "native_gameplay_random_device": false,
    "same_actual_order_and_physical_seat_within_pair": true,
    "same_seed_within_candidate_control_pair": true
  },
  "workers": 8
}
