{
  "actual_orders": [
    "first"
  ],
  "base_seed": 202608170600,
  "candidate": "/Users/safiullahbaig/Projects/pokemonTCG2.0/artifacts/final_sprint/exp23_identity_trained",
  "candidate_sha256": "83489e0c80c631763c65375d2a7a34d28d6aa9fbb1d11e89d130c83b1e27f1c0",
  "control": "/Users/safiullahbaig/Projects/pokemonTCG2.0/artifacts/grim_damage_conversion/winner/extracted",
  "control_sha256": "13426288358d597ead809e45c364c7f7b9274a6eebf55ddd942142e3326535c3",
  "elapsed_seconds": 1839.126127243042,
  "engine": "/Users/safiullahbaig/Projects/pokemonTCG2.0/artifacts/deterministic_engine/bin/libcg_seeded.dylib",
  "engine_sha256": "867e3f9bb87e0b48889a44b5d4b04f5d2d434b2a0788d1b2bcfe0caebcb5ab78",
  "games": 200,
  "opponent": "/Users/safiullahbaig/Projects/pokemonTCG2.0/artifacts/sprint_870/opponents/alakazam_2_4a",
  "opponent_sha256": "5d44338891094988ca15f0c26d5187316549facd64a7bfbac04aa0048424e8c7",
  "orders": {
    "first": {
      "candidate_decisions": 14976,
      "candidate_draws": 0,
      "candidate_policy_errors": 0,
      "candidate_win_rate": 0.75,
      "candidate_wins": 75,
      "concordant": 82,
      "control_decisions": 15299,
      "control_draws": 0,
      "control_policy_errors": 0,
      "control_win_rate": 0.77,
      "control_wins": 77,
      "discordant_candidate_wins": 8,
      "discordant_control_wins": 10,
      "method": "paired_win_indicator_difference_normal_95_ci",
      "opponent_policy_errors": 0,
      "paired_95_ci": [
        -0.10348023441114707,
        0.06348023441114706
      ],
      "paired_difference": -0.02,
      "paired_one_sided_95_lower": -0.0900588211992873,
      "paired_standard_error": 0.042592738983791796,
      "pairs": 100
    }
  },
  "overall": {
    "candidate_decisions": 14976,
    "candidate_draws": 0,
    "candidate_policy_errors": 0,
    "candidate_win_rate": 0.75,
    "candidate_wins": 75,
    "concordant": 82,
    "control_decisions": 15299,
    "control_draws": 0,
    "control_policy_errors": 0,
    "control_win_rate": 0.77,
    "control_wins": 77,
    "discordant_candidate_wins": 8,
    "discordant_control_wins": 10,
    "method": "paired_win_indicator_difference_normal_95_ci",
    "opponent_policy_errors": 0,
    "paired_95_ci": [
      -0.10348023441114707,
      0.06348023441114706
    ],
    "paired_difference": -0.02,
    "paired_one_sided_95_lower": -0.0900588211992873,
    "paired_standard_error": 0.042592738983791796,
    "pairs": 100
  },
  "pairs_per_order": 100,
  "production_engine": "/Users/safiullahbaig/Projects/pokemonTCG2.0/vendor/cg/libcg.dylib",
  "production_engine_preserved": true,
  "production_engine_sha256_after": "7a157f045d333f99d1996d49c12bdbdd148072a619af246385c7295518776e30",
  "production_engine_sha256_before": "7a157f045d333f99d1996d49c12bdbdd148072a619af246385c7295518776e30",
  "rng_provenance": {
    "deviceRand": false,
    "engine": "local_seeded_mt19937",
    "entrypoint": "BattleStartSeeded",
    "native_gameplay_random_device": false,
    "same_actual_order_and_physical_seat_within_pair": true,
    "same_seed_within_candidate_control_pair": true
  },
  "workers": 8
}
