[run] exp20_vs_ctl_B0_first_p800 pairs=400 seed=202608161200 order=first
{
  "actual_orders": [
    "first"
  ],
  "base_seed": 202608161200,
  "candidate": "/Users/safiullahbaig/Projects/pokemonTCG2.0/artifacts/final_sprint/exp20_punk_first_only",
  "candidate_sha256": "f829b856ca032315c563bc2cfcd547b4874d35961831d3d2d9e85b380bf7e7f3",
  "control": "/Users/safiullahbaig/Projects/pokemonTCG2.0/artifacts/grim_damage_conversion/winner/extracted",
  "control_sha256": "13426288358d597ead809e45c364c7f7b9274a6eebf55ddd942142e3326535c3",
  "elapsed_seconds": 121.06554532051086,
  "engine": "/Users/safiullahbaig/Projects/pokemonTCG2.0/artifacts/deterministic_engine/bin/libcg_seeded.dylib",
  "engine_sha256": "867e3f9bb87e0b48889a44b5d4b04f5d2d434b2a0788d1b2bcfe0caebcb5ab78",
  "games": 800,
  "opponent": "/Users/safiullahbaig/Projects/pokemonTCG2.0/artifacts/grim_variance_floor/candidates/B0",
  "opponent_sha256": "0c15b56adf3b09c654505a152309fdc9f8401579a495da714347d98ae735003c",
  "orders": {
    "first": {
      "candidate_decisions": 76846,
      "candidate_draws": 0,
      "candidate_policy_errors": 0,
      "candidate_win_rate": 0.645,
      "candidate_wins": 258,
      "concordant": 311,
      "control_decisions": 77584,
      "control_draws": 0,
      "control_policy_errors": 0,
      "control_win_rate": 0.6175,
      "control_wins": 247,
      "discordant_candidate_wins": 50,
      "discordant_control_wins": 39,
      "method": "paired_win_indicator_difference_normal_95_ci",
      "opponent_policy_errors": 0,
      "paired_95_ci": [
        -0.01870482578413848,
        0.07370482578413848
      ],
      "paired_difference": 0.0275,
      "paired_one_sided_95_lower": -0.011276312153274636,
      "paired_standard_error": 0.02357432388992668,
      "pairs": 400
    }
  },
  "overall": {
    "candidate_decisions": 76846,
    "candidate_draws": 0,
    "candidate_policy_errors": 0,
    "candidate_win_rate": 0.645,
    "candidate_wins": 258,
    "concordant": 311,
    "control_decisions": 77584,
    "control_draws": 0,
    "control_policy_errors": 0,
    "control_win_rate": 0.6175,
    "control_wins": 247,
    "discordant_candidate_wins": 50,
    "discordant_control_wins": 39,
    "method": "paired_win_indicator_difference_normal_95_ci",
    "opponent_policy_errors": 0,
    "paired_95_ci": [
      -0.01870482578413848,
      0.07370482578413848
    ],
    "paired_difference": 0.0275,
    "paired_one_sided_95_lower": -0.011276312153274636,
    "paired_standard_error": 0.02357432388992668,
    "pairs": 400
  },
  "pairs_per_order": 400,
  "production_engine": "/Users/safiullahbaig/Projects/pokemonTCG2.0/vendor/cg/libcg.dylib",
  "production_engine_preserved": true,
  "production_engine_sha256_after": "7a157f045d333f99d1996d49c12bdbdd148072a619af246385c7295518776e30",
  "production_engine_sha256_before": "7a157f045d333f99d1996d49c12bdbdd148072a619af246385c7295518776e30",
  "rng_provenance": {
    "deviceRand": false,
    "engine": "local_seeded_mt19937",
    "entrypoint": "BattleStartSeeded",
    "native_gameplay_random_device": false,
    "same_actual_order_and_physical_seat_within_pair": true,
    "same_seed_within_candidate_control_pair": true
  },
  "workers": 8
}
[run] exp20_vs_ctl_m1_first_p600 pairs=300 seed=202608161300 order=first
{
  "actual_orders": [
    "first"
  ],
  "base_seed": 202608161300,
  "candidate": "/Users/safiullahbaig/Projects/pokemonTCG2.0/artifacts/final_sprint/exp20_punk_first_only",
  "candidate_sha256": "f829b856ca032315c563bc2cfcd547b4874d35961831d3d2d9e85b380bf7e7f3",
  "control": "/Users/safiullahbaig/Projects/pokemonTCG2.0/artifacts/grim_damage_conversion/winner/extracted",
  "control_sha256": "13426288358d597ead809e45c364c7f7b9274a6eebf55ddd942142e3326535c3",
  "elapsed_seconds": 94.56401991844177,
  "engine": "/Users/safiullahbaig/Projects/pokemonTCG2.0/artifacts/deterministic_engine/bin/libcg_seeded.dylib",
  "engine_sha256": "867e3f9bb87e0b48889a44b5d4b04f5d2d434b2a0788d1b2bcfe0caebcb5ab78",
  "games": 600,
  "opponent": "/Users/safiullahbaig/Projects/pokemonTCG2.0/artifacts/grim_damage_conversion/opponents/master_v1",
  "opponent_sha256": "8a06ebab47cc60ed981dfada85972eb8a62e732e349f01c2a3085262079f06e8",
  "orders": {
    "first": {
      "candidate_decisions": 56432,
      "candidate_draws": 0,
      "candidate_policy_errors": 0,
      "candidate_win_rate": 0.5566666666666666,
      "candidate_wins": 167,
      "concordant": 230,
      "control_decisions": 56317,
      "control_draws": 0,
      "control_policy_errors": 0,
      "control_win_rate": 0.5566666666666666,
      "control_wins": 167,
      "discordant_candidate_wins": 35,
      "discordant_control_wins": 35,
      "method": "paired_win_indicator_difference_normal_95_ci",
      "opponent_policy_errors": 0,
      "paired_95_ci": [
        -0.054752113671430847,
        0.054752113671430847
      ],
      "paired_difference": 0.0,
      "paired_one_sided_95_lower": -0.045949422268004865,
      "paired_standard_error": 0.027935265190232338,
      "pairs": 300
    }
  },
  "overall": {
    "candidate_decisions": 56432,
    "candidate_draws": 0,
    "candidate_policy_errors": 0,
    "candidate_win_rate": 0.5566666666666666,
    "candidate_wins": 167,
    "concordant": 230,
    "control_decisions": 56317,
    "control_draws": 0,
    "control_policy_errors": 0,
    "control_win_rate": 0.5566666666666666,
    "control_wins": 167,
    "discordant_candidate_wins": 35,
    "discordant_control_wins": 35,
    "method": "paired_win_indicator_difference_normal_95_ci",
    "opponent_policy_errors": 0,
    "paired_95_ci": [
      -0.054752113671430847,
      0.054752113671430847
    ],
    "paired_difference": 0.0,
    "paired_one_sided_95_lower": -0.045949422268004865,
    "paired_standard_error": 0.027935265190232338,
    "pairs": 300
  },
  "pairs_per_order": 300,
  "production_engine": "/Users/safiullahbaig/Projects/pokemonTCG2.0/vendor/cg/libcg.dylib",
  "production_engine_preserved": true,
  "production_engine_sha256_after": "7a157f045d333f99d1996d49c12bdbdd148072a619af246385c7295518776e30",
  "production_engine_sha256_before": "7a157f045d333f99d1996d49c12bdbdd148072a619af246385c7295518776e30",
  "rng_provenance": {
    "deviceRand": false,
    "engine": "local_seeded_mt19937",
    "entrypoint": "BattleStartSeeded",
    "native_gameplay_random_device": false,
    "same_actual_order_and_physical_seat_within_pair": true,
    "same_seed_within_candidate_control_pair": true
  },
  "workers": 8
}
[run] exp20_vs_ctl_rr_first_p600 pairs=300 seed=202608161400 order=first
{
  "actual_orders": [
    "first"
  ],
  "base_seed": 202608161400,
  "candidate": "/Users/safiullahbaig/Projects/pokemonTCG2.0/artifacts/final_sprint/exp20_punk_first_only",
  "candidate_sha256": "f829b856ca032315c563bc2cfcd547b4874d35961831d3d2d9e85b380bf7e7f3",
  "control": "/Users/safiullahbaig/Projects/pokemonTCG2.0/artifacts/grim_damage_conversion/winner/extracted",
  "control_sha256": "13426288358d597ead809e45c364c7f7b9274a6eebf55ddd942142e3326535c3",
  "elapsed_seconds": 96.68223190307617,
  "engine": "/Users/safiullahbaig/Projects/pokemonTCG2.0/artifacts/deterministic_engine/bin/libcg_seeded.dylib",
  "engine_sha256": "867e3f9bb87e0b48889a44b5d4b04f5d2d434b2a0788d1b2bcfe0caebcb5ab78",
  "games": 600,
  "opponent": "/Users/safiullahbaig/Projects/pokemonTCG2.0/artifacts/grim_damage_conversion/opponents/replay_refresh",
  "opponent_sha256": "30e45955b67893514c8ee077cac15d46fc207efe781cbce1b94242defda4cbdc",
  "orders": {
    "first": {
      "candidate_decisions": 57213,
      "candidate_draws": 0,
      "candidate_policy_errors": 0,
      "candidate_win_rate": 0.6233333333333333,
      "candidate_wins": 187,
      "concordant": 235,
      "control_decisions": 57762,
      "control_draws": 0,
      "control_policy_errors": 0,
      "control_win_rate": 0.62,
      "control_wins": 186,
      "discordant_candidate_wins": 33,
      "discordant_control_wins": 32,
      "method": "paired_win_indicator_difference_normal_95_ci",
      "opponent_policy_errors": 0,
      "paired_95_ci": [
        -0.04942577071520295,
        0.05609243738186962
      ],
      "paired_difference": 0.0033333333333333335,
      "paired_one_sided_95_lower": -0.04094350253378591,
      "paired_standard_error": 0.026918404860851206,
      "pairs": 300
    }
  },
  "overall": {
    "candidate_decisions": 57213,
    "candidate_draws": 0,
    "candidate_policy_errors": 0,
    "candidate_win_rate": 0.6233333333333333,
    "candidate_wins": 187,
    "concordant": 235,
    "control_decisions": 57762,
    "control_draws": 0,
    "control_policy_errors": 0,
    "control_win_rate": 0.62,
    "control_wins": 186,
    "discordant_candidate_wins": 33,
    "discordant_control_wins": 32,
    "method": "paired_win_indicator_difference_normal_95_ci",
    "opponent_policy_errors": 0,
    "paired_95_ci": [
      -0.04942577071520295,
      0.05609243738186962
    ],
    "paired_difference": 0.0033333333333333335,
    "paired_one_sided_95_lower": -0.04094350253378591,
    "paired_standard_error": 0.026918404860851206,
    "pairs": 300
  },
  "pairs_per_order": 300,
  "production_engine": "/Users/safiullahbaig/Projects/pokemonTCG2.0/vendor/cg/libcg.dylib",
  "production_engine_preserved": true,
  "production_engine_sha256_after": "7a157f045d333f99d1996d49c12bdbdd148072a619af246385c7295518776e30",
  "production_engine_sha256_before": "7a157f045d333f99d1996d49c12bdbdd148072a619af246385c7295518776e30",
  "rng_provenance": {
    "deviceRand": false,
    "engine": "local_seeded_mt19937",
    "entrypoint": "BattleStartSeeded",
    "native_gameplay_random_device": false,
    "same_actual_order_and_physical_seat_within_pair": true,
    "same_seed_within_candidate_control_pair": true
  },
  "workers": 8
}
[run] exp20_vs_ctl_B0_second_p400 pairs=200 seed=202608161500 order=second
{
  "actual_orders": [
    "second"
  ],
  "base_seed": 202608161500,
  "candidate": "/Users/safiullahbaig/Projects/pokemonTCG2.0/artifacts/final_sprint/exp20_punk_first_only",
  "candidate_sha256": "f829b856ca032315c563bc2cfcd547b4874d35961831d3d2d9e85b380bf7e7f3",
  "control": "/Users/safiullahbaig/Projects/pokemonTCG2.0/artifacts/grim_damage_conversion/winner/extracted",
  "control_sha256": "13426288358d597ead809e45c364c7f7b9274a6eebf55ddd942142e3326535c3",
  "elapsed_seconds": 65.37346315383911,
  "engine": "/Users/safiullahbaig/Projects/pokemonTCG2.0/artifacts/deterministic_engine/bin/libcg_seeded.dylib",
  "engine_sha256": "867e3f9bb87e0b48889a44b5d4b04f5d2d434b2a0788d1b2bcfe0caebcb5ab78",
  "games": 400,
  "opponent": "/Users/safiullahbaig/Projects/pokemonTCG2.0/artifacts/grim_variance_floor/candidates/B0",
  "opponent_sha256": "0c15b56adf3b09c654505a152309fdc9f8401579a495da714347d98ae735003c",
  "orders": {
    "second": {
      "candidate_decisions": 39217,
      "candidate_draws": 0,
      "candidate_policy_errors": 0,
      "candidate_win_rate": 0.515,
      "candidate_wins": 103,
      "concordant": 200,
      "control_decisions": 39217,
      "control_draws": 0,
      "control_policy_errors": 0,
      "control_win_rate": 0.515,
      "control_wins": 103,
      "discordant_candidate_wins": 0,
      "discordant_control_wins": 0,
      "method": "paired_win_indicator_difference_normal_95_ci",
      "opponent_policy_errors": 0,
      "paired_95_ci": [
        0.0,
        0.0
      ],
      "paired_difference": 0.0,
      "paired_one_sided_95_lower": 0.0,
      "paired_standard_error": 0.0,
      "pairs": 200
    }
  },
  "overall": {
    "candidate_decisions": 39217,
    "candidate_draws": 0,
    "candidate_policy_errors": 0,
    "candidate_win_rate": 0.515,
    "candidate_wins": 103,
    "concordant": 200,
    "control_decisions": 39217,
    "control_draws": 0,
    "control_policy_errors": 0,
    "control_win_rate": 0.515,
    "control_wins": 103,
    "discordant_candidate_wins": 0,
    "discordant_control_wins": 0,
    "method": "paired_win_indicator_difference_normal_95_ci",
    "opponent_policy_errors": 0,
    "paired_95_ci": [
      0.0,
      0.0
    ],
    "paired_difference": 0.0,
    "paired_one_sided_95_lower": 0.0,
    "paired_standard_error": 0.0,
    "pairs": 200
  },
  "pairs_per_order": 200,
  "production_engine": "/Users/safiullahbaig/Projects/pokemonTCG2.0/vendor/cg/libcg.dylib",
  "production_engine_preserved": true,
  "production_engine_sha256_after": "7a157f045d333f99d1996d49c12bdbdd148072a619af246385c7295518776e30",
  "production_engine_sha256_before": "7a157f045d333f99d1996d49c12bdbdd148072a619af246385c7295518776e30",
  "rng_provenance": {
    "deviceRand": false,
    "engine": "local_seeded_mt19937",
    "entrypoint": "BattleStartSeeded",
    "native_gameplay_random_device": false,
    "same_actual_order_and_physical_seat_within_pair": true,
    "same_seed_within_candidate_control_pair": true
  },
  "workers": 8
}
DONE
